[1mInitial chunk files[22m[2m | [22m[1mNames[22m         [2m | [22m [1mRaw size[22m[2m | [22m[1mEstimated transfer size[22m
[32mstyles-YZUZJCDO.css[39m[2m | [22m[2mstyles[22m        [2m | [22m[36m326.53 kB[39m[2m | [22m               [36m42.16 kB[39m
[32mchunk-M53YRGHU.js[39m  [2m | [22m[2m-[22m             [2m | [22m[36m254.75 kB[39m[2m | [22m               [36m72.83 kB[39m
[32mmain-2ADZ7UZI.js[39m   [2m | [22m[2mmain[22m          [2m | [22m[36m151.91 kB[39m[2m | [22m               [36m39.76 kB[39m
[32mscripts-TTWY4XDY.js[39m[2m | [22m[2mscripts[22m       [2m | [22m [36m80.45 kB[39m[2m | [22m               [36m21.60 kB[39m
[32mchunk-JV5LIBZ5.js[39m  [2m | [22m[2m-[22m             [2m | [22m [36m79.44 kB[39m[2m | [22m               [36m19.78 kB[39m
[32mchunk-NQP6NLRO.js[39m  [2m | [22m[2m-[22m             [2m | [22m  [36m4.06 kB[39m[2m | [22m                [36m1.05 kB[39m
[32mchunk-BKLJECAH.js[39m  [2m | [22m[2m-[22m             [2m | [22m  [36m1.79 kB[39m[2m | [22m              [36m622 bytes[39m
[32mchunk-Q2WQYSWY.js[39m  [2m | [22m[2m-[22m             [2m | [22m  [36m1.53 kB[39m[2m | [22m              [36m458 bytes[39m
[32mchunk-A6CFL6ZB.js[39m  [2m | [22m[2m-[22m             [2m | [22m[36m649 bytes[39m[2m | [22m              [36m649 bytes[39m
[32mchunk-N2HHYYTB.js[39m  [2m | [22m[2m-[22m             [2m | [22m[36m126 bytes[39m[2m | [22m              [36m126 bytes[39m

[1m [22m                  [2m | [22m[1mInitial total[22m [2m | [22m[1m901.24 kB[22m[2m | [22m              [1m199.04 kB[22m

[1mLazy chunk files[22m   [2m | [22m[1mNames[22m         [2m | [22m [1mRaw size[22m[2m | [22m[1mEstimated transfer size[22m
[32mchunk-RRGTN2XZ.js[39m  [2m | [22m[2mdashboard-page[22m[2m | [22m[36m186.18 kB[39m[2m | [22m               [36m43.31 kB[39m
[32mchunk-C4Y4Y4E4.js[39m  [2m | [22m[2mapp-shell[22m     [2m | [22m [36m90.88 kB[39m[2m | [22m               [36m14.63 kB[39m
[32mchunk-CEHFYGOR.js[39m  [2m | [22m[2m-[22m             [2m | [22m [36m76.10 kB[39m[2m | [22m               [36m17.52 kB[39m
[32mchunk-2ZK5O4Y4.js[39m  [2m | [22m[2mcalendar-page[22m [2m | [22m [36m61.27 kB[39m[2m | [22m               [36m12.08 kB[39m
[32mchunk-DKJFSARR.js[39m  [2m | [22m[2mhome[22m          [2m | [22m [36m45.67 kB[39m[2m | [22m                [36m8.79 kB[39m
[32mchunk-ELQA5DJA.js[39m  [2m | [22m[2m-[22m             [2m | [22m [36m42.27 kB[39m[2m | [22m                [36m8.89 kB[39m
[32mchunk-Y44P4GUU.js[39m  [2m | [22m[2m-[22m             [2m | [22m [36m33.56 kB[39m[2m | [22m                [36m9.21 kB[39m
[32mchunk-FTPIXGWL.js[39m  [2m | [22m[2mauthentication[22m[2m | [22m [36m20.62 kB[39m[2m | [22m                [36m5.28 kB[39m
[32mchunk-Z3J47DR6.js[39m  [2m | [22m[2msettings-page[22m [2m | [22m [36m15.39 kB[39m[2m | [22m                [36m3.60 kB[39m
[32mchunk-EHZWPC6T.js[39m  [2m | [22m[2m-[22m             [2m | [22m[36m931 bytes[39m[2m | [22m              [36m931 bytes[39m
[32mchunk-RUXOFD2T.js[39m  [2m | [22m[2m-[22m             [2m | [22m[36m743 bytes[39m[2m | [22m              [36m743 bytes[39m

Application bundle generation complete. [9.996 seconds] - 2026-04-20T09:18:59.532Z

node.exe : [1m[33m[33mΓû▓ [43;33m[[43;30mWARNING[43;33m][0m [1mNG8107: The left side of this optional chain 
operation does not include 'null' or 'undefined' in its type, therefore the '?.' operator can be replaced with the '.' 
operator.[0m [1m[35m[plugin angular-compiler][0m
At line:1 char:1
+ & "C:\Program Files\nodejs/node.exe" "C:\Program Files\nodejs/node_mo ...
+ ~~~~~~~~~~~~~~~~~~~~~~~~~~~~~~~~~~~~~~~~~~~~~~~~~~~~~~~~~~~~~~~~~~~~~
    + CategoryInfo          : NotSpecified: ([1m[33m[33mΓ...r-compiler][0m:String) [], RemoteException
    + FullyQualifiedErrorId : NativeCommandError
 

    src/app/features/calendar/components/main-calendar/main-calendar.html:59:84:
[37m      59 Γöé ...header" [style.backgroundColor]="selectedEventValue?.[32mcolor[37m"></div>
         Γò╡                                                         [32m~~~~~[0m

  Warning occurs in the template of component MainCalendar.

    src/app/features/calendar/components/main-calendar/main-calendar.ts:30:15:
[37m      30 Γöé   templateUrl: [32m'./main-calendar.html'[37m,
         Γò╡                [32m~~~~~~~~~~~~~~~~~~~~~~[0m


[33mΓû▓ [43;33m[[43;30mWARNING[43;33m][0m [1mNG8107: The left side of this optional chain operation does not 
include 'null' or 'undefined' in its type, therefore the '?.' operator can be replaced with the '.' operator.[0m 
[1m[35m[plugin angular-compiler][0m

    src/app/features/calendar/components/main-calendar/main-calendar.html:61:62:
[37m      61 Γöé ...h3 class="task-details-title">{{ selectedEventValue?.[32mtitle[37m }}</h3>
         Γò╡                                                         [32m~~~~~[0m

  Warning occurs in the template of component MainCalendar.

    src/app/features/calendar/components/main-calendar/main-calendar.ts:30:15:
[37m      30 Γöé   templateUrl: [32m'./main-calendar.html'[37m,
         Γò╡                [32m~~~~~~~~~~~~~~~~~~~~~~[0m


[33mΓû▓ [43;33m[[43;30mWARNING[43;33m][0m [1mNG8107: The left side of this optional chain operation does not 
include 'null' or 'undefined' in its type, therefore the '?.' operator can be replaced with the '.' operator.[0m 
[1m[35m[plugin angular-compiler][0m

    src/app/features/calendar/components/main-calendar/main-calendar.html:64:39:
[37m      64 Γöé           <span>{{ selectedEventValue?.[32mtime[37m }}</span>
         Γò╡                                        [32m~~~~[0m

  Warning occurs in the template of component MainCalendar.

    src/app/features/calendar/components/main-calendar/main-calendar.ts:30:15:
[37m      30 Γöé   templateUrl: [32m'./main-calendar.html'[37m,
         Γò╡                [32m~~~~~~~~~~~~~~~~~~~~~~[0m


[33mΓû▓ [43;33m[[43;30mWARNING[43;33m][0m [1mNG8107: The left side of this optional chain operation does not 
include 'null' or 'undefined' in its type, therefore the '?.' operator can be replaced with the '.' operator.[0m 
[1m[35m[plugin angular-compiler][0m

    src/app/features/calendar/components/main-calendar/main-calendar.html:65:114:
[37m      65 Γöé ...adge text-bg-light border">{{ selectedEventValue?.[32mstatus[37m }}</span>
         Γò╡                                                      [32m~~~~~~[0m

  Warning occurs in the template of component MainCalendar.

    src/app/features/calendar/components/main-calendar/main-calendar.ts:30:15:
[37m      30 Γöé   templateUrl: [32m'./main-calendar.html'[37m,
         Γò╡                [32m~~~~~~~~~~~~~~~~~~~~~~[0m


[33mΓû▓ [43;33m[[43;30mWARNING[43;33m][0m [1mNG8107: The left side of this optional chain operation does not 
include 'null' or 'undefined' in its type, therefore the '?.' operator can be replaced with the '.' operator.[0m 
[1m[35m[plugin angular-compiler][0m

    src/app/features/calendar/components/main-calendar/main-calendar.html:68:33:
[37m      68 Γöé           {{ selectedEventValue?.[32mdescription[37m }}
         Γò╡                                  [32m~~~~~~~~~~~[0m

  Warning occurs in the template of component MainCalendar.

    src/app/features/calendar/components/main-calendar/main-calendar.ts:30:15:
[37m      30 Γöé   templateUrl: [32m'./main-calendar.html'[37m,
         Γò╡                [32m~~~~~~~~~~~~~~~~~~~~~~[0m

[39m[22m
Output location: C:\Users\IT\Miqat\dist\miqat

